// Jest Snapshot v1, https://goo.gl/fbAQLP

exports[`format --config arg can be used for a custom config 1`] = `prettier --ignore-path ./src/config/prettierignore --write **/*.+(md|json|yml|yaml|css|less|scss|sass|graphql|ts|tsx) --config ./my-config.js`;

exports[`format --config arg can be used for a custom config 2`] = `prettier --ignore-path ./src/config/prettierignore --write **/*.+(md|json|yml|yaml|css|less|scss|sass|graphql|ts|tsx) --config ./my-config.js`;

exports[`format --ignore-path arg can be used for a custom ignore file 1`] = `prettier --write **/*.+(md|json|yml|yaml|css|less|scss|sass|graphql|ts|tsx) --ignore-path ./.myignore`;

exports[`format --ignore-path arg can be used for a custom ignore file 2`] = `prettier --write **/*.+(md|json|yml|yaml|css|less|scss|sass|graphql|ts|tsx) --ignore-path ./.myignore`;

exports[`format --no-write prevents --write argument from being added 1`] = `prettier --ignore-path ./src/config/prettierignore **/*.+(md|json|yml|yaml|css|less|scss|sass|graphql|ts|tsx) --no-write`;

exports[`format --no-write prevents --write argument from being added 2`] = `prettier --ignore-path ./src/config/prettierignore **/*.+(md|json|yml|yaml|css|less|scss|sass|graphql|ts|tsx) --no-write`;

exports[`format calls prettier CLI with args 1`] = `prettier --ignore-path ./src/config/prettierignore --write my-src/**/*.js`;

exports[`format calls prettier CLI with args 2`] = `prettier --ignore-path ./src/config/prettierignore --write my-src/**/*.js`;
